\BOOKMARK [1][-]{section.1}{\376\377\133\236\232\214\166\356\166\204}{}% 1
\BOOKMARK [1][-]{section.2}{\376\377\133\236\232\214\211\201\154\102}{}% 2
\BOOKMARK [1][-]{section.3}{\376\377\133\236\232\214\213\276\131\007}{}% 3
\BOOKMARK [1][-]{section.4}{\376\377\133\236\232\214\123\237\164\006}{}% 4
\BOOKMARK [2][-]{subsection.4.1}{\376\377\116\000\117\115\121\150\122\240\126\150}{section.4}% 5
\BOOKMARK [2][-]{subsection.4.2}{\376\377\220\073\217\221\210\150\217\276\137\017}{section.4}% 6
\BOOKMARK [2][-]{subsection.4.3}{\376\377\225\350\165\065\215\357\133\236\163\260}{section.4}% 7
\BOOKMARK [1][-]{section.5}{\376\377\133\236\232\214\121\205\133\271}{}% 8
\BOOKMARK [2][-]{subsection.5.1}{\376\377\122\033\136\372\135\345\172\013\116\016\176\330\122\066\123\237\164\006\126\376}{section.5}% 9
\BOOKMARK [3][-]{subsubsection.5.1.1}{\376\377\122\033\136\372\000\040\000Q\000u\000a\000r\000t\000u\000s\000\040\000I\000I\000\040\135\345\172\013}{subsection.5.1}% 10
\BOOKMARK [3][-]{subsubsection.5.1.2}{\376\377\176\330\122\066\123\237\164\006\126\376}{subsection.5.1}% 11
\BOOKMARK [2][-]{subsection.5.2}{\376\377\177\026\213\321\116\016\154\342\137\142\116\377\167\037}{section.5}% 12
\BOOKMARK [3][-]{subsubsection.5.2.1}{\376\377\177\026\213\321}{subsection.5.2}% 13
\BOOKMARK [3][-]{subsubsection.5.2.2}{\376\377\154\342\137\142\116\377\167\037}{subsection.5.2}% 14
\BOOKMARK [2][-]{subsection.5.3}{\376\377\137\025\201\032\225\001\133\232\116\016\000\040\000F\000P\000G\000A\000\040\116\013\217\175\232\214\213\301}{section.5}% 15
\BOOKMARK [3][-]{subsubsection.5.3.1}{\376\377\137\025\201\032\225\001\133\232}{subsection.5.3}% 16
\BOOKMARK [3][-]{subsubsection.5.3.2}{\376\377\000F\000P\000G\000A\000\040\116\013\217\175}{subsection.5.3}% 17
\BOOKMARK [3][-]{subsubsection.5.3.3}{\376\377\170\154\116\366\232\214\213\301}{subsection.5.3}% 18
\BOOKMARK [1][-]{section.6}{\376\377\133\236\232\214\217\307\172\013\116\055\166\204\225\356\230\230}{}% 19
\BOOKMARK [1][-]{section.7}{\376\377\137\303\137\227\117\123\117\032}{}% 20
